Component: ARM Compiler 5.06 update 3 (build 300) Tool: armlink [4d35c9]

==============================================================================

Section Cross References

    main.o(.text) refers to stm32f10x_rcc.o(.text) for RCC_APB2PeriphClockCmd
    main.o(.text) refers to stm32f10x_gpio.o(.text) for GPIO_Init
    main.o(.text) refers to stm32f10x_usart.o(.text) for USART_Init
    main.o(.text) refers to stm32f10x_flash.o(.text) for FLASH_Unlock
    main.o(.text) refers to bsp_tm1639.o(.text) for BspTm1639_Config
    main.o(.text) refers to common.o(.text) for Serial_PutString
    main.o(.text) refers to bsp_can.o(.text) for CAN_Mode_Init
    main.o(.text) refers to bsp_stmflash.o(.text) for Read_Flash_Dat
    main.o(.text) refers to bsp_stmflash.o(.data) for g_IAP_Flag
    main.o(.text) refers to main.o(.conststring) for .conststring
    main.o(.text) refers to common.o(.data) for JumpAddress
    stm32f10x_it.o(.text) refers to common.o(.text) for Serial_PutString
    stm32f10x_it.o(.text) refers to stm32f10x_gpio.o(.text) for GPIO_ResetBits
    upload.o(.text) refers to common.o(.text) for Serial_PutString
    upload.o(.text) refers to ymodem.o(.text) for Ymodem_Transmit
    ymodem.o(.text) refers to common.o(.text) for SerialKeyPressed
    ymodem.o(.text) refers to stm32f10x_flash.o(.text) for FLASH_ErasePage
    ymodem.o(.text) refers to rt_memcpy_v6.o(.text) for __aeabi_memcpy
    ymodem.o(.text) refers to ymodem.o(.data) for FlashDestination
    ymodem.o(.text) refers to ymodem.o(.bss) for file_name
    common.o(.text) refers to stm32f10x_usart.o(.text) for USART_SendData
    common.o(.text) refers to stm32f10x_flash.o(.text) for FLASH_GetWriteProtectionOptionByte
    common.o(.text) refers to bsp_can.o(.text) for CAN_BOOT_ExecutiveCommand
    common.o(.text) refers to common.o(.data) for UserMemoryMask
    common.o(.text) refers to common.o(.conststring) for .conststring
    common.o(.text) refers to ymodem.o(.data) for FlashDestination
    common.o(.text) refers to bsp_can.o(.data) for CAN1_CanRxMsgFlag
    common.o(.text) refers to bsp_can.o(.bss) for CAN1_RxMessage
    download.o(.text) refers to common.o(.text) for Serial_PutString
    download.o(.text) refers to ymodem.o(.text) for Ymodem_Receive
    download.o(.text) refers to download.o(.bss) for tab_1024
    download.o(.text) refers to download.o(.conststring) for .conststring
    download.o(.text) refers to ymodem.o(.bss) for file_name
    bsp_tm1639.o(.text) refers to stm32f10x_gpio.o(.text) for GPIO_ResetBits
    bsp_tm1639.o(.text) refers to stm32f10x_rcc.o(.text) for RCC_APB2PeriphClockCmd
    bsp_tm1639.o(.text) refers to bsp_tm1639.o(.data) for OldShowMode
    bsp_can.o(.text) refers to stm32f10x_rcc.o(.text) for RCC_APB2PeriphClockCmd
    bsp_can.o(.text) refers to stm32f10x_gpio.o(.text) for GPIO_Init
    bsp_can.o(.text) refers to stm32f10x_can.o(.text) for CAN_Init
    bsp_can.o(.text) refers to misc.o(.text) for NVIC_Init
    bsp_can.o(.text) refers to stm32f10x_flash.o(.text) for FLASH_ClearFlag
    bsp_can.o(.text) refers to common.o(.text) for Serial_PutString
    bsp_can.o(.text) refers to bsp_can.o(.bss) for CAN1_RxMessage
    bsp_can.o(.text) refers to bsp_can.o(.data) for CAN1_CanRxMsgFlag
    bsp_can.o(.text) refers to bsp_can.o(.constdata) for crc16tab
    bsp_crc8.o(.text) refers to bsp_crc8.o(.data) for crc_array
    bsp_stmflash.o(.text) refers to stm32f10x_flash.o(.text) for FLASH_Unlock
    bsp_stmflash.o(.text) refers to bsp_crc8.o(.text) for CRC8_Table
    bsp_stmflash.o(.text) refers to bsp_stmflash.o(.data) for Physical_ADD
    stm32f10x_rcc.o(.text) refers to stm32f10x_rcc.o(.data) for APBAHBPrescTable
    stm32f10x_gpio.o(.text) refers to stm32f10x_rcc.o(.text) for RCC_APB2PeriphResetCmd
    stm32f10x_usart.o(.text) refers to stm32f10x_rcc.o(.text) for RCC_APB2PeriphResetCmd
    stm32f10x_can.o(.text) refers to stm32f10x_rcc.o(.text) for RCC_APB1PeriphResetCmd
    startup_stm32f10x_md.o(STACK) refers (Special) to heapauxi.o(.text) for __use_two_region_memory
    startup_stm32f10x_md.o(HEAP) refers (Special) to heapauxi.o(.text) for __use_two_region_memory
    startup_stm32f10x_md.o(RESET) refers (Special) to heapauxi.o(.text) for __use_two_region_memory
    startup_stm32f10x_md.o(RESET) refers to startup_stm32f10x_md.o(STACK) for __initial_sp
    startup_stm32f10x_md.o(RESET) refers to startup_stm32f10x_md.o(.text) for Reset_Handler
    startup_stm32f10x_md.o(RESET) refers to stm32f10x_it.o(.text) for NMI_Handler
    startup_stm32f10x_md.o(RESET) refers to bsp_can.o(.text) for USB_LP_CAN1_RX0_IRQHandler
    startup_stm32f10x_md.o(.text) refers (Special) to heapauxi.o(.text) for __use_two_region_memory
    startup_stm32f10x_md.o(.text) refers to system_stm32f10x.o(.text) for SystemInit
    startup_stm32f10x_md.o(.text) refers to __main.o(!!!main) for __main
    startup_stm32f10x_md.o(.text) refers to startup_stm32f10x_md.o(HEAP) for Heap_Mem
    startup_stm32f10x_md.o(.text) refers to startup_stm32f10x_md.o(STACK) for Stack_Mem
    system_stm32f10x.o(.text) refers to system_stm32f10x.o(.data) for SystemCoreClock
    rt_memcpy_v6.o(.text) refers to rt_memcpy_w.o(.text) for __aeabi_memcpy4
    __main.o(!!!main) refers to __rtentry.o(.ARM.Collect$$rtentry$$00000000) for __rt_entry
    __rtentry.o(.ARM.Collect$$rtentry$$00000000) refers (Special) to __rtentry2.o(.ARM.Collect$$rtentry$$0000000A) for __rt_entry_li
    __rtentry.o(.ARM.Collect$$rtentry$$00000000) refers (Special) to __rtentry2.o(.ARM.Collect$$rtentry$$0000000D) for __rt_entry_main
    __rtentry.o(.ARM.Collect$$rtentry$$00000000) refers (Special) to __rtentry2.o(.ARM.Collect$$rtentry$$0000000C) for __rt_entry_postli_1
    __rtentry.o(.ARM.Collect$$rtentry$$00000000) refers (Special) to __rtentry2.o(.ARM.Collect$$rtentry$$00000009) for __rt_entry_postsh_1
    __rtentry.o(.ARM.Collect$$rtentry$$00000000) refers (Special) to __rtentry2.o(.ARM.Collect$$rtentry$$00000002) for __rt_entry_presh_1
    __rtentry.o(.ARM.Collect$$rtentry$$00000000) refers (Special) to __rtentry4.o(.ARM.Collect$$rtentry$$00000004) for __rt_entry_sh
    __rtentry2.o(.ARM.Collect$$rtentry$$00000008) refers to boardinit2.o(.text) for _platform_post_stackheap_init
    __rtentry2.o(.ARM.Collect$$rtentry$$0000000A) refers to libinit.o(.ARM.Collect$$libinit$$00000000) for __rt_lib_init
    __rtentry2.o(.ARM.Collect$$rtentry$$0000000B) refers to boardinit3.o(.text) for _platform_post_lib_init
    __rtentry2.o(.ARM.Collect$$rtentry$$0000000D) refers to main.o(.text) for main
    __rtentry2.o(.ARM.Collect$$rtentry$$0000000D) refers to exit.o(.text) for exit
    __rtentry2.o(.ARM.exidx) refers to __rtentry2.o(.ARM.Collect$$rtentry$$00000001) for .ARM.Collect$$rtentry$$00000001
    __rtentry2.o(.ARM.exidx) refers to __rtentry2.o(.ARM.Collect$$rtentry$$00000008) for .ARM.Collect$$rtentry$$00000008
    __rtentry2.o(.ARM.exidx) refers to __rtentry2.o(.ARM.Collect$$rtentry$$0000000A) for .ARM.Collect$$rtentry$$0000000A
    __rtentry2.o(.ARM.exidx) refers to __rtentry2.o(.ARM.Collect$$rtentry$$0000000B) for .ARM.Collect$$rtentry$$0000000B
    __rtentry2.o(.ARM.exidx) refers to __rtentry2.o(.ARM.Collect$$rtentry$$0000000D) for .ARM.Collect$$rtentry$$0000000D
    __rtentry4.o(.ARM.Collect$$rtentry$$00000004) refers to sys_stackheap_outer.o(.text) for __user_setup_stackheap
    __rtentry4.o(.ARM.exidx) refers to __rtentry4.o(.ARM.Collect$$rtentry$$00000004) for .ARM.Collect$$rtentry$$00000004
    sys_stackheap_outer.o(.text) refers to libspace.o(.text) for __user_perproc_libspace
    sys_stackheap_outer.o(.text) refers to startup_stm32f10x_md.o(.text) for __user_initial_stackheap
    exit.o(.text) refers to rtexit.o(.ARM.Collect$$rtexit$$00000000) for __rt_exit
    libinit.o(.ARM.Collect$$libinit$$00000000) refers (Special) to libinit2.o(.ARM.Collect$$libinit$$0000002E) for __rt_lib_init_alloca_1
    libinit.o(.ARM.Collect$$libinit$$00000000) refers (Special) to libinit2.o(.ARM.Collect$$libinit$$0000002C) for __rt_lib_init_argv_1
    libinit.o(.ARM.Collect$$libinit$$00000000) refers (Special) to libinit2.o(.ARM.Collect$$libinit$$0000001B) for __rt_lib_init_atexit_1
    libinit.o(.ARM.Collect$$libinit$$00000000) refers (Special) to libinit2.o(.ARM.Collect$$libinit$$00000021) for __rt_lib_init_clock_1
    libinit.o(.ARM.Collect$$libinit$$00000000) refers (Special) to libinit2.o(.ARM.Collect$$libinit$$00000032) for __rt_lib_init_cpp_1
    libinit.o(.ARM.Collect$$libinit$$00000000) refers (Special) to libinit2.o(.ARM.Collect$$libinit$$00000030) for __rt_lib_init_exceptions_1
    libinit.o(.ARM.Collect$$libinit$$00000000) refers (Special) to libinit2.o(.ARM.Collect$$libinit$$00000002) for __rt_lib_init_fp_1
    libinit.o(.ARM.Collect$$libinit$$00000000) refers (Special) to libinit2.o(.ARM.Collect$$libinit$$0000001F) for __rt_lib_init_fp_trap_1
    libinit.o(.ARM.Collect$$libinit$$00000000) refers (Special) to libinit2.o(.ARM.Collect$$libinit$$00000023) for __rt_lib_init_getenv_1
    libinit.o(.ARM.Collect$$libinit$$00000000) refers (Special) to libinit2.o(.ARM.Collect$$libinit$$0000000A) for __rt_lib_init_heap_1
    libinit.o(.ARM.Collect$$libinit$$00000000) refers (Special) to libinit2.o(.ARM.Collect$$libinit$$00000011) for __rt_lib_init_lc_collate_1
    libinit.o(.ARM.Collect$$libinit$$00000000) refers (Special) to libinit2.o(.ARM.Collect$$libinit$$00000013) for __rt_lib_init_lc_ctype_1
    libinit.o(.ARM.Collect$$libinit$$00000000) refers (Special) to libinit2.o(.ARM.Collect$$libinit$$00000015) for __rt_lib_init_lc_monetary_1
    libinit.o(.ARM.Collect$$libinit$$00000000) refers (Special) to libinit2.o(.ARM.Collect$$libinit$$00000017) for __rt_lib_init_lc_numeric_1
    libinit.o(.ARM.Collect$$libinit$$00000000) refers (Special) to libinit2.o(.ARM.Collect$$libinit$$00000019) for __rt_lib_init_lc_time_1
    libinit.o(.ARM.Collect$$libinit$$00000000) refers (Special) to libinit2.o(.ARM.Collect$$libinit$$00000004) for __rt_lib_init_preinit_1
    libinit.o(.ARM.Collect$$libinit$$00000000) refers (Special) to libinit2.o(.ARM.Collect$$libinit$$0000000E) for __rt_lib_init_rand_1
    libinit.o(.ARM.Collect$$libinit$$00000000) refers (Special) to libinit2.o(.ARM.Collect$$libinit$$00000033) for __rt_lib_init_return
    libinit.o(.ARM.Collect$$libinit$$00000000) refers (Special) to libinit2.o(.ARM.Collect$$libinit$$0000001D) for __rt_lib_init_signal_1
    libinit.o(.ARM.Collect$$libinit$$00000000) refers (Special) to libinit2.o(.ARM.Collect$$libinit$$00000025) for __rt_lib_init_stdio_1
    libinit.o(.ARM.Collect$$libinit$$00000000) refers (Special) to libinit2.o(.ARM.Collect$$libinit$$0000000C) for __rt_lib_init_user_alloc_1
    libspace.o(.text) refers to libspace.o(.bss) for __libspace_start
    rtexit.o(.ARM.Collect$$rtexit$$00000000) refers (Special) to rtexit2.o(.ARM.Collect$$rtexit$$00000004) for __rt_exit_exit
    rtexit.o(.ARM.Collect$$rtexit$$00000000) refers (Special) to rtexit2.o(.ARM.Collect$$rtexit$$00000003) for __rt_exit_ls
    rtexit.o(.ARM.Collect$$rtexit$$00000000) refers (Special) to rtexit2.o(.ARM.Collect$$rtexit$$00000002) for __rt_exit_prels_1
    rtexit.o(.ARM.exidx) refers (Special) to rtexit2.o(.ARM.Collect$$rtexit$$00000004) for __rt_exit_exit
    rtexit.o(.ARM.exidx) refers (Special) to rtexit2.o(.ARM.Collect$$rtexit$$00000003) for __rt_exit_ls
    rtexit.o(.ARM.exidx) refers (Special) to rtexit2.o(.ARM.Collect$$rtexit$$00000002) for __rt_exit_prels_1
    rtexit.o(.ARM.exidx) refers to rtexit.o(.ARM.Collect$$rtexit$$00000000) for .ARM.Collect$$rtexit$$00000000
    libinit2.o(.ARM.Collect$$libinit$$00000010) refers to libinit2.o(.ARM.Collect$$libinit$$0000000F) for .ARM.Collect$$libinit$$0000000F
    libinit2.o(.ARM.Collect$$libinit$$00000012) refers to libinit2.o(.ARM.Collect$$libinit$$0000000F) for .ARM.Collect$$libinit$$0000000F
    libinit2.o(.ARM.Collect$$libinit$$00000014) refers to libinit2.o(.ARM.Collect$$libinit$$0000000F) for .ARM.Collect$$libinit$$0000000F
    libinit2.o(.ARM.Collect$$libinit$$00000016) refers to libinit2.o(.ARM.Collect$$libinit$$0000000F) for .ARM.Collect$$libinit$$0000000F
    libinit2.o(.ARM.Collect$$libinit$$00000018) refers to libinit2.o(.ARM.Collect$$libinit$$0000000F) for .ARM.Collect$$libinit$$0000000F
    libinit2.o(.ARM.Collect$$libinit$$00000026) refers to argv_veneer.o(.emb_text) for __ARM_argv_veneer
    libinit2.o(.ARM.Collect$$libinit$$00000027) refers to argv_veneer.o(.emb_text) for __ARM_argv_veneer
    rtexit2.o(.ARM.Collect$$rtexit$$00000003) refers to libshutdown.o(.ARM.Collect$$libshutdown$$00000000) for __rt_lib_shutdown
    rtexit2.o(.ARM.Collect$$rtexit$$00000004) refers to sys_exit.o(.text) for _sys_exit
    rtexit2.o(.ARM.exidx) refers to rtexit2.o(.ARM.Collect$$rtexit$$00000001) for .ARM.Collect$$rtexit$$00000001
    rtexit2.o(.ARM.exidx) refers to rtexit2.o(.ARM.Collect$$rtexit$$00000003) for .ARM.Collect$$rtexit$$00000003
    rtexit2.o(.ARM.exidx) refers to rtexit2.o(.ARM.Collect$$rtexit$$00000004) for .ARM.Collect$$rtexit$$00000004
    argv_veneer.o(.emb_text) refers to no_argv.o(.text) for __ARM_get_argv
    sys_exit.o(.text) refers (Special) to use_no_semi.o(.text) for __I$use$semihosting
    sys_exit.o(.text) refers (Special) to indicate_semi.o(.text) for __semihosting_library_function
    _get_argv_nomalloc.o(.text) refers (Special) to hrguard.o(.text) for __heap_region$guard
    _get_argv_nomalloc.o(.text) refers to defsig_rtmem_outer.o(.text) for __rt_SIGRTMEM
    _get_argv_nomalloc.o(.text) refers to sys_command.o(.text) for _sys_command_string
    libshutdown.o(.ARM.Collect$$libshutdown$$00000000) refers (Special) to libshutdown2.o(.ARM.Collect$$libshutdown$$00000002) for __rt_lib_shutdown_cpp_1
    libshutdown.o(.ARM.Collect$$libshutdown$$00000000) refers (Special) to libshutdown2.o(.ARM.Collect$$libshutdown$$00000007) for __rt_lib_shutdown_fp_trap_1
    libshutdown.o(.ARM.Collect$$libshutdown$$00000000) refers (Special) to libshutdown2.o(.ARM.Collect$$libshutdown$$0000000F) for __rt_lib_shutdown_heap_1
    libshutdown.o(.ARM.Collect$$libshutdown$$00000000) refers (Special) to libshutdown2.o(.ARM.Collect$$libshutdown$$00000010) for __rt_lib_shutdown_return
    libshutdown.o(.ARM.Collect$$libshutdown$$00000000) refers (Special) to libshutdown2.o(.ARM.Collect$$libshutdown$$0000000A) for __rt_lib_shutdown_signal_1
    libshutdown.o(.ARM.Collect$$libshutdown$$00000000) refers (Special) to libshutdown2.o(.ARM.Collect$$libshutdown$$00000004) for __rt_lib_shutdown_stdio_1
    libshutdown.o(.ARM.Collect$$libshutdown$$00000000) refers (Special) to libshutdown2.o(.ARM.Collect$$libshutdown$$0000000C) for __rt_lib_shutdown_user_alloc_1
    sys_command.o(.text) refers (Special) to use_no_semi.o(.text) for __I$use$semihosting
    sys_command.o(.text) refers (Special) to indicate_semi.o(.text) for __semihosting_library_function
    defsig_rtmem_outer.o(.text) refers to defsig_rtmem_inner.o(.text) for __rt_SIGRTMEM_inner
    defsig_rtmem_outer.o(.text) refers to defsig_exit.o(.text) for __sig_exit
    defsig_rtmem_formal.o(.text) refers to rt_raise.o(.text) for __rt_raise
    rt_raise.o(.text) refers to __raise.o(.text) for __raise
    rt_raise.o(.text) refers to sys_exit.o(.text) for _sys_exit
    defsig_exit.o(.text) refers to sys_exit.o(.text) for _sys_exit
    defsig_rtmem_inner.o(.text) refers to defsig_general.o(.text) for __default_signal_display
    __raise.o(.text) refers to defsig.o(CL$$defsig) for __default_signal_handler
    defsig_general.o(.text) refers to sys_wrch.o(.text) for _ttywrch
    sys_wrch.o(.text) refers (Special) to use_no_semi.o(.text) for __I$use$semihosting
    sys_wrch.o(.text) refers (Special) to indicate_semi.o(.text) for __semihosting_library_function
    defsig.o(CL$$defsig) refers to defsig_rtmem_inner.o(.text) for __rt_SIGRTMEM_inner
    defsig_abrt_inner.o(.text) refers to defsig_general.o(.text) for __default_signal_display
    defsig_fpe_inner.o(.text) refers to defsig_general.o(.text) for __default_signal_display
    defsig_rtred_inner.o(.text) refers to defsig_general.o(.text) for __default_signal_display
    defsig_stak_inner.o(.text) refers to defsig_general.o(.text) for __default_signal_display
    defsig_pvfn_inner.o(.text) refers to defsig_general.o(.text) for __default_signal_display
    defsig_cppl_inner.o(.text) refers to defsig_general.o(.text) for __default_signal_display
    defsig_segv_inner.o(.text) refers to defsig_general.o(.text) for __default_signal_display
    defsig_other.o(.text) refers to defsig_general.o(.text) for __default_signal_display


==============================================================================

Removing Unused input sections from the image.

    Removing main.o(.rev16_text), (4 bytes).
    Removing main.o(.revsh_text), (4 bytes).
    Removing main.o(.rrx_text), (6 bytes).
    Removing main.o(.data), (9 bytes).
    Removing stm32f10x_it.o(.rev16_text), (4 bytes).
    Removing stm32f10x_it.o(.revsh_text), (4 bytes).
    Removing stm32f10x_it.o(.rrx_text), (6 bytes).
    Removing upload.o(.rev16_text), (4 bytes).
    Removing upload.o(.revsh_text), (4 bytes).
    Removing upload.o(.rrx_text), (6 bytes).
    Removing upload.o(.text), (248 bytes).
    Removing ymodem.o(.rev16_text), (4 bytes).
    Removing ymodem.o(.revsh_text), (4 bytes).
    Removing ymodem.o(.rrx_text), (6 bytes).
    Removing ymodem.o(.text), (1872 bytes).
    Removing ymodem.o(.bss), (256 bytes).
    Removing common.o(.rev16_text), (4 bytes).
    Removing common.o(.revsh_text), (4 bytes).
    Removing common.o(.rrx_text), (6 bytes).
    Removing download.o(.rev16_text), (4 bytes).
    Removing download.o(.revsh_text), (4 bytes).
    Removing download.o(.rrx_text), (6 bytes).
    Removing download.o(.text), (400 bytes).
    Removing download.o(.bss), (1024 bytes).
    Removing download.o(.conststring), (83 bytes).
    Removing bsp_tm1639.o(.rev16_text), (4 bytes).
    Removing bsp_tm1639.o(.revsh_text), (4 bytes).
    Removing bsp_tm1639.o(.rrx_text), (6 bytes).
    Removing bsp_can.o(.rev16_text), (4 bytes).
    Removing bsp_can.o(.revsh_text), (4 bytes).
    Removing bsp_can.o(.rrx_text), (6 bytes).
    Removing bsp_stmflash.o(.rev16_text), (4 bytes).
    Removing bsp_stmflash.o(.revsh_text), (4 bytes).
    Removing bsp_stmflash.o(.rrx_text), (6 bytes).
    Removing misc.o(.rev16_text), (4 bytes).
    Removing misc.o(.revsh_text), (4 bytes).
    Removing misc.o(.rrx_text), (6 bytes).
    Removing stm32f10x_flash.o(.rev16_text), (4 bytes).
    Removing stm32f10x_flash.o(.revsh_text), (4 bytes).
    Removing stm32f10x_flash.o(.rrx_text), (6 bytes).
    Removing stm32f10x_rcc.o(.rev16_text), (4 bytes).
    Removing stm32f10x_rcc.o(.revsh_text), (4 bytes).
    Removing stm32f10x_rcc.o(.rrx_text), (6 bytes).
    Removing stm32f10x_gpio.o(.rev16_text), (4 bytes).
    Removing stm32f10x_gpio.o(.revsh_text), (4 bytes).
    Removing stm32f10x_gpio.o(.rrx_text), (6 bytes).
    Removing stm32f10x_usart.o(.rev16_text), (4 bytes).
    Removing stm32f10x_usart.o(.revsh_text), (4 bytes).
    Removing stm32f10x_usart.o(.rrx_text), (6 bytes).
    Removing stm32f10x_can.o(.rev16_text), (4 bytes).
    Removing stm32f10x_can.o(.revsh_text), (4 bytes).
    Removing stm32f10x_can.o(.rrx_text), (6 bytes).
    Removing system_stm32f10x.o(.rev16_text), (4 bytes).
    Removing system_stm32f10x.o(.revsh_text), (4 bytes).
    Removing system_stm32f10x.o(.rrx_text), (6 bytes).
    Removing core_cm3.o(.emb_text), (32 bytes).

56 unused section(s) (total 4148 bytes) removed from the image.

==============================================================================

Image Symbol Table

    Local Symbols

    Symbol Name                              Value     Ov Type        Size  Object(Section)

    ../clib/angel/boardlib.s                 0x00000000   Number         0  boardshut.o ABSOLUTE
    ../clib/angel/boardlib.s                 0x00000000   Number         0  boardinit3.o ABSOLUTE
    ../clib/angel/boardlib.s                 0x00000000   Number         0  boardinit2.o ABSOLUTE
    ../clib/angel/boardlib.s                 0x00000000   Number         0  boardinit1.o ABSOLUTE
    ../clib/angel/dczerorl2.s                0x00000000   Number         0  __dczerorl2.o ABSOLUTE
    ../clib/angel/handlers.s                 0x00000000   Number         0  __scatter_zi.o ABSOLUTE
    ../clib/angel/kernel.s                   0x00000000   Number         0  __rtentry.o ABSOLUTE
    ../clib/angel/kernel.s                   0x00000000   Number         0  rtexit2.o ABSOLUTE
    ../clib/angel/kernel.s                   0x00000000   Number         0  __rtentry4.o ABSOLUTE
    ../clib/angel/kernel.s                   0x00000000   Number         0  __rtentry2.o ABSOLUTE
    ../clib/angel/kernel.s                   0x00000000   Number         0  rtexit.o ABSOLUTE
    ../clib/angel/rt.s                       0x00000000   Number         0  rt_raise.o ABSOLUTE
    ../clib/angel/scatter.s                  0x00000000   Number         0  __scatter.o ABSOLUTE
    ../clib/angel/startup.s                  0x00000000   Number         0  __main.o ABSOLUTE
    ../clib/angel/sys.s                      0x00000000   Number         0  use_no_semi.o ABSOLUTE
    ../clib/angel/sys.s                      0x00000000   Number         0  sys_stackheap_outer.o ABSOLUTE
    ../clib/angel/sys.s                      0x00000000   Number         0  indicate_semi.o ABSOLUTE
    ../clib/angel/sys.s                      0x00000000   Number         0  libspace.o ABSOLUTE
    ../clib/angel/sysapp.c                   0x00000000   Number         0  sys_command.o ABSOLUTE
    ../clib/angel/sysapp.c                   0x00000000   Number         0  sys_wrch.o ABSOLUTE
    ../clib/angel/sysapp.c                   0x00000000   Number         0  sys_exit.o ABSOLUTE
    ../clib/armsys.c                         0x00000000   Number         0  argv_veneer.o ABSOLUTE
    ../clib/armsys.c                         0x00000000   Number         0  _get_argv_nomalloc.o ABSOLUTE
    ../clib/armsys.c                         0x00000000   Number         0  no_argv.o ABSOLUTE
    ../clib/armsys.c                         0x00000000   Number         0  argv_veneer.o ABSOLUTE
    ../clib/heapalloc.c                      0x00000000   Number         0  hrguard.o ABSOLUTE
    ../clib/heapaux.c                        0x00000000   Number         0  heapauxi.o ABSOLUTE
    ../clib/libinit.s                        0x00000000   Number         0  libinit.o ABSOLUTE
    ../clib/libinit.s                        0x00000000   Number         0  libshutdown.o ABSOLUTE
    ../clib/libinit.s                        0x00000000   Number         0  libinit2.o ABSOLUTE
    ../clib/libinit.s                        0x00000000   Number         0  libshutdown2.o ABSOLUTE
    ../clib/memcpset.s                       0x00000000   Number         0  rt_memcpy_w.o ABSOLUTE
    ../clib/memcpset.s                       0x00000000   Number         0  rt_memcpy_v6.o ABSOLUTE
    ../clib/signal.c                         0x00000000   Number         0  defsig_fpe_inner.o ABSOLUTE
    ../clib/signal.c                         0x00000000   Number         0  defsig_abrt_inner.o ABSOLUTE
    ../clib/signal.c                         0x00000000   Number         0  defsig_rtred_inner.o ABSOLUTE
    ../clib/signal.c                         0x00000000   Number         0  defsig_general.o ABSOLUTE
    ../clib/signal.c                         0x00000000   Number         0  __raise.o ABSOLUTE
    ../clib/signal.c                         0x00000000   Number         0  defsig_cppl_inner.o ABSOLUTE
    ../clib/signal.c                         0x00000000   Number         0  defsig_rtmem_outer.o ABSOLUTE
    ../clib/signal.c                         0x00000000   Number         0  defsig_exit.o ABSOLUTE
    ../clib/signal.c                         0x00000000   Number         0  defsig_rtmem_formal.o ABSOLUTE
    ../clib/signal.c                         0x00000000   Number         0  defsig_stak_inner.o ABSOLUTE
    ../clib/signal.c                         0x00000000   Number         0  defsig_pvfn_inner.o ABSOLUTE
    ../clib/signal.c                         0x00000000   Number         0  defsig_segv_inner.o ABSOLUTE
    ../clib/signal.c                         0x00000000   Number         0  defsig_other.o ABSOLUTE
    ../clib/signal.c                         0x00000000   Number         0  defsig_rtmem_inner.o ABSOLUTE
    ../clib/signal.s                         0x00000000   Number         0  defsig.o ABSOLUTE
    ../clib/stdlib.c                         0x00000000   Number         0  exit.o ABSOLUTE
    ../fplib/fpinit.s                        0x00000000   Number         0  fpinit.o ABSOLUTE
    ..\Libraries\CMSIS\CM3\CoreSupport\core_cm3.c 0x00000000   Number         0  core_cm3.o ABSOLUTE
    ..\Libraries\CMSIS\CM3\DeviceSupport\ST\STM32F10x\startup\arm\startup_stm32f10x_md.s 0x00000000   Number         0  startup_stm32f10x_md.o ABSOLUTE
    ..\Libraries\STM32F10x_StdPeriph_Driver\src\misc.c 0x00000000   Number         0  misc.o ABSOLUTE
    ..\Libraries\STM32F10x_StdPeriph_Driver\src\stm32f10x_can.c 0x00000000   Number         0  stm32f10x_can.o ABSOLUTE
    ..\Libraries\STM32F10x_StdPeriph_Driver\src\stm32f10x_flash.c 0x00000000   Number         0  stm32f10x_flash.o ABSOLUTE
    ..\Libraries\STM32F10x_StdPeriph_Driver\src\stm32f10x_gpio.c 0x00000000   Number         0  stm32f10x_gpio.o ABSOLUTE
    ..\Libraries\STM32F10x_StdPeriph_Driver\src\stm32f10x_rcc.c 0x00000000   Number         0  stm32f10x_rcc.o ABSOLUTE
    ..\Libraries\STM32F10x_StdPeriph_Driver\src\stm32f10x_usart.c 0x00000000   Number         0  stm32f10x_usart.o ABSOLUTE
    ..\User\bsp\bsp_can.c                    0x00000000   Number         0  bsp_can.o ABSOLUTE
    ..\User\bsp\bsp_crc8.c                   0x00000000   Number         0  bsp_crc8.o ABSOLUTE
    ..\User\bsp\bsp_stmflash.c               0x00000000   Number         0  bsp_stmflash.o ABSOLUTE
    ..\User\bsp\bsp_tm1639.c                 0x00000000   Number         0  bsp_tm1639.o ABSOLUTE
    ..\User\common.c                         0x00000000   Number         0  common.o ABSOLUTE
    ..\User\download.c                       0x00000000   Number         0  download.o ABSOLUTE
    ..\User\main.c                           0x00000000   Number         0  main.o ABSOLUTE
    ..\User\stm32f10x_it.c                   0x00000000   Number         0  stm32f10x_it.o ABSOLUTE
    ..\User\system_stm32f10x.c               0x00000000   Number         0  system_stm32f10x.o ABSOLUTE
    ..\User\upload.c                         0x00000000   Number         0  upload.o ABSOLUTE
    ..\User\ymodem.c                         0x00000000   Number         0  ymodem.o ABSOLUTE
    ..\\Libraries\\CMSIS\\CM3\\CoreSupport\\core_cm3.c 0x00000000   Number         0  core_cm3.o ABSOLUTE
    ..\\Libraries\\STM32F10x_StdPeriph_Driver\\src\\misc.c 0x00000000   Number         0  misc.o ABSOLUTE
    ..\\Libraries\\STM32F10x_StdPeriph_Driver\\src\\stm32f10x_can.c 0x00000000   Number         0  stm32f10x_can.o ABSOLUTE
    ..\\Libraries\\STM32F10x_StdPeriph_Driver\\src\\stm32f10x_flash.c 0x00000000   Number         0  stm32f10x_flash.o ABSOLUTE
    ..\\Libraries\\STM32F10x_StdPeriph_Driver\\src\\stm32f10x_gpio.c 0x00000000   Number         0  stm32f10x_gpio.o ABSOLUTE
    ..\\Libraries\\STM32F10x_StdPeriph_Driver\\src\\stm32f10x_rcc.c 0x00000000   Number         0  stm32f10x_rcc.o ABSOLUTE
    ..\\Libraries\\STM32F10x_StdPeriph_Driver\\src\\stm32f10x_usart.c 0x00000000   Number         0  stm32f10x_usart.o ABSOLUTE
    ..\\User\\bsp\\bsp_can.c                 0x00000000   Number         0  bsp_can.o ABSOLUTE
    ..\\User\\bsp\\bsp_stmflash.c            0x00000000   Number         0  bsp_stmflash.o ABSOLUTE
    ..\\User\\bsp\\bsp_tm1639.c              0x00000000   Number         0  bsp_tm1639.o ABSOLUTE
    ..\\User\\common.c                       0x00000000   Number         0  common.o ABSOLUTE
    ..\\User\\download.c                     0x00000000   Number         0  download.o ABSOLUTE
    ..\\User\\main.c                         0x00000000   Number         0  main.o ABSOLUTE
    ..\\User\\stm32f10x_it.c                 0x00000000   Number         0  stm32f10x_it.o ABSOLUTE
    ..\\User\\system_stm32f10x.c             0x00000000   Number         0  system_stm32f10x.o ABSOLUTE
    ..\\User\\upload.c                       0x00000000   Number         0  upload.o ABSOLUTE
    ..\\User\\ymodem.c                       0x00000000   Number         0  ymodem.o ABSOLUTE
    dc.s                                     0x00000000   Number         0  dc.o ABSOLUTE
    RESET                                    0x08000000   Section      236  startup_stm32f10x_md.o(RESET)
    !!!main                                  0x080000ec   Section        8  __main.o(!!!main)
    !!!scatter                               0x080000f4   Section       52  __scatter.o(!!!scatter)
    !!dczerorl2                              0x08000128   Section       90  __dczerorl2.o(!!dczerorl2)
    !!handler_zi                             0x08000184   Section       28  __scatter_zi.o(!!handler_zi)
    .ARM.Collect$$libinit$$00000000          0x080001a0   Section        2  libinit.o(.ARM.Collect$$libinit$$00000000)
    .ARM.Collect$$libinit$$00000002          0x080001a2   Section        0  libinit2.o(.ARM.Collect$$libinit$$00000002)
    .ARM.Collect$$libinit$$00000004          0x080001a2   Section        0  libinit2.o(.ARM.Collect$$libinit$$00000004)
    .ARM.Collect$$libinit$$0000000A          0x080001a2   Section        0  libinit2.o(.ARM.Collect$$libinit$$0000000A)
    .ARM.Collect$$libinit$$0000000C          0x080001a2   Section        0  libinit2.o(.ARM.Collect$$libinit$$0000000C)
    .ARM.Collect$$libinit$$0000000E          0x080001a2   Section        0  libinit2.o(.ARM.Collect$$libinit$$0000000E)
    .ARM.Collect$$libinit$$00000011          0x080001a2   Section        0  libinit2.o(.ARM.Collect$$libinit$$00000011)
    .ARM.Collect$$libinit$$00000013          0x080001a2   Section        0  libinit2.o(.ARM.Collect$$libinit$$00000013)
    .ARM.Collect$$libinit$$00000015          0x080001a2   Section        0  libinit2.o(.ARM.Collect$$libinit$$00000015)
    .ARM.Collect$$libinit$$00000017          0x080001a2   Section        0  libinit2.o(.ARM.Collect$$libinit$$00000017)
    .ARM.Collect$$libinit$$00000019          0x080001a2   Section        0  libinit2.o(.ARM.Collect$$libinit$$00000019)
    .ARM.Collect$$libinit$$0000001B          0x080001a2   Section        0  libinit2.o(.ARM.Collect$$libinit$$0000001B)
    .ARM.Collect$$libinit$$0000001D          0x080001a2   Section        0  libinit2.o(.ARM.Collect$$libinit$$0000001D)
    .ARM.Collect$$libinit$$0000001F          0x080001a2   Section        0  libinit2.o(.ARM.Collect$$libinit$$0000001F)
    .ARM.Collect$$libinit$$00000021          0x080001a2   Section        0  libinit2.o(.ARM.Collect$$libinit$$00000021)
    .ARM.Collect$$libinit$$00000023          0x080001a2   Section        0  libinit2.o(.ARM.Collect$$libinit$$00000023)
    .ARM.Collect$$libinit$$00000025          0x080001a2   Section        0  libinit2.o(.ARM.Collect$$libinit$$00000025)
    .ARM.Collect$$libinit$$0000002C          0x080001a2   Section        0  libinit2.o(.ARM.Collect$$libinit$$0000002C)
    .ARM.Collect$$libinit$$0000002E          0x080001a2   Section        0  libinit2.o(.ARM.Collect$$libinit$$0000002E)
    .ARM.Collect$$libinit$$00000030          0x080001a2   Section        0  libinit2.o(.ARM.Collect$$libinit$$00000030)
    .ARM.Collect$$libinit$$00000032          0x080001a2   Section        0  libinit2.o(.ARM.Collect$$libinit$$00000032)
    .ARM.Collect$$libinit$$00000033          0x080001a2   Section        2  libinit2.o(.ARM.Collect$$libinit$$00000033)
    .ARM.Collect$$libshutdown$$00000000      0x080001a4   Section        2  libshutdown.o(.ARM.Collect$$libshutdown$$00000000)
    .ARM.Collect$$libshutdown$$00000002      0x080001a6   Section        0  libshutdown2.o(.ARM.Collect$$libshutdown$$00000002)
    .ARM.Collect$$libshutdown$$00000004      0x080001a6   Section        0  libshutdown2.o(.ARM.Collect$$libshutdown$$00000004)
    .ARM.Collect$$libshutdown$$00000007      0x080001a6   Section        0  libshutdown2.o(.ARM.Collect$$libshutdown$$00000007)
    .ARM.Collect$$libshutdown$$0000000A      0x080001a6   Section        0  libshutdown2.o(.ARM.Collect$$libshutdown$$0000000A)
    .ARM.Collect$$libshutdown$$0000000C      0x080001a6   Section        0  libshutdown2.o(.ARM.Collect$$libshutdown$$0000000C)
    .ARM.Collect$$libshutdown$$0000000F      0x080001a6   Section        0  libshutdown2.o(.ARM.Collect$$libshutdown$$0000000F)
    .ARM.Collect$$libshutdown$$00000010      0x080001a6   Section        2  libshutdown2.o(.ARM.Collect$$libshutdown$$00000010)
    .ARM.Collect$$rtentry$$00000000          0x080001a8   Section        0  __rtentry.o(.ARM.Collect$$rtentry$$00000000)
    .ARM.Collect$$rtentry$$00000002          0x080001a8   Section        0  __rtentry2.o(.ARM.Collect$$rtentry$$00000002)
    .ARM.Collect$$rtentry$$00000004          0x080001a8   Section        6  __rtentry4.o(.ARM.Collect$$rtentry$$00000004)
    .ARM.Collect$$rtentry$$00000009          0x080001ae   Section        0  __rtentry2.o(.ARM.Collect$$rtentry$$00000009)
    .ARM.Collect$$rtentry$$0000000A          0x080001ae   Section        4  __rtentry2.o(.ARM.Collect$$rtentry$$0000000A)
    .ARM.Collect$$rtentry$$0000000C          0x080001b2   Section        0  __rtentry2.o(.ARM.Collect$$rtentry$$0000000C)
    .ARM.Collect$$rtentry$$0000000D          0x080001b2   Section        8  __rtentry2.o(.ARM.Collect$$rtentry$$0000000D)
    .ARM.Collect$$rtexit$$00000000           0x080001ba   Section        2  rtexit.o(.ARM.Collect$$rtexit$$00000000)
    .ARM.Collect$$rtexit$$00000002           0x080001bc   Section        0  rtexit2.o(.ARM.Collect$$rtexit$$00000002)
    .ARM.Collect$$rtexit$$00000003           0x080001bc   Section        4  rtexit2.o(.ARM.Collect$$rtexit$$00000003)
    .ARM.Collect$$rtexit$$00000004           0x080001c0   Section        6  rtexit2.o(.ARM.Collect$$rtexit$$00000004)
    .text                                    0x080001c8   Section        0  main.o(.text)
    IAP_Init                                 0x080001db   Thumb Code   114  main.o(.text)
    .text                                    0x080003a4   Section        0  stm32f10x_it.o(.text)
    .text                                    0x080003e4   Section        0  common.o(.text)
    .text                                    0x080008b0   Section        0  bsp_tm1639.o(.text)
    .text                                    0x08000f14   Section        0  bsp_can.o(.text)
    __set_PRIMASK                            0x080014a3   Thumb Code     6  bsp_can.o(.text)
    .text                                    0x080014d4   Section        0  bsp_crc8.o(.text)
    .text                                    0x080014f4   Section        0  bsp_stmflash.o(.text)
    .text                                    0x08001838   Section        0  misc.o(.text)
    .text                                    0x08001914   Section        0  stm32f10x_flash.o(.text)
    .text                                    0x08001ed0   Section        0  stm32f10x_rcc.o(.text)
    .text                                    0x08002274   Section        0  stm32f10x_gpio.o(.text)
    .text                                    0x080025d0   Section        0  stm32f10x_usart.o(.text)
    .text                                    0x080029d8   Section        0  stm32f10x_can.o(.text)
    CheckITStatus                            0x080031db   Thumb Code    18  stm32f10x_can.o(.text)
    .text                                    0x080033c8   Section       64  startup_stm32f10x_md.o(.text)
    .text                                    0x08003408   Section        0  system_stm32f10x.o(.text)
    SetSysClockTo72                          0x08003409   Thumb Code   214  system_stm32f10x.o(.text)
    SetSysClock                              0x080034df   Thumb Code     8  system_stm32f10x.o(.text)
    .text                                    0x080035e8   Section        0  heapauxi.o(.text)
    .text                                    0x080035ee   Section       74  sys_stackheap_outer.o(.text)
    .text                                    0x08003638   Section        0  exit.o(.text)
    .text                                    0x0800364c   Section        8  libspace.o(.text)
    .text                                    0x08003654   Section        0  sys_exit.o(.text)
    .text                                    0x08003660   Section        2  use_no_semi.o(.text)
    .constdata                               0x08003662   Section      512  bsp_can.o(.constdata)
    .text                                    0x08003662   Section        0  indicate_semi.o(.text)
    crc16tab                                 0x08003662   Data         512  bsp_can.o(.constdata)
    .conststring                             0x08003864   Section      149  main.o(.conststring)
    .conststring                             0x080038fc   Section       74  common.o(.conststring)
    .data                                    0x20000000   Section       24  ymodem.o(.data)
    .data                                    0x20000018   Section       20  common.o(.data)
    .data                                    0x2000002c   Section       24  bsp_tm1639.o(.data)
    .data                                    0x20000044   Section       16  bsp_can.o(.data)
    start_addr                               0x20000048   Data           4  bsp_can.o(.data)
    data_size                                0x2000004c   Data           4  bsp_can.o(.data)
    data_index                               0x20000050   Data           4  bsp_can.o(.data)
    .data                                    0x20000054   Section      256  bsp_crc8.o(.data)
    crc_array                                0x20000054   Data         256  bsp_crc8.o(.data)
    .data                                    0x20000154   Section       14  bsp_stmflash.o(.data)
    .data                                    0x20000162   Section       20  stm32f10x_rcc.o(.data)
    APBAHBPrescTable                         0x20000162   Data          16  stm32f10x_rcc.o(.data)
    ADCPrescTable                            0x20000172   Data           4  stm32f10x_rcc.o(.data)
    .data                                    0x20000178   Section       20  system_stm32f10x.o(.data)
    .bss                                     0x2000018c   Section     1048  bsp_can.o(.bss)
    data_temp                                0x200001a0   Data        1028  bsp_can.o(.bss)
    .bss                                     0x200005a4   Section       96  libspace.o(.bss)
    HEAP                                     0x20000608   Section      512  startup_stm32f10x_md.o(HEAP)
    Heap_Mem                                 0x20000608   Data         512  startup_stm32f10x_md.o(HEAP)
    STACK                                    0x20000808   Section     1024  startup_stm32f10x_md.o(STACK)
    Stack_Mem                                0x20000808   Data        1024  startup_stm32f10x_md.o(STACK)
    __initial_sp                             0x20000c08   Data           0  startup_stm32f10x_md.o(STACK)

    Global Symbols

    Symbol Name                              Value     Ov Type        Size  Object(Section)

    BuildAttributes$$THM_ISAv4$P$D$K$B$S$PE$A:L22UL41UL21$X:L11$S22US41US21$IEEE1$IW$USESV6$~STKCKD$USESV7$~SHL$OSPACE$ROPI$EBA8$UX$STANDARDLIB$REQ8$PRES8$EABIv2 0x00000000   Number         0  anon$$obj.o ABSOLUTE
    __ARM_use_no_argv                        0x00000000   Number         0  main.o ABSOLUTE
    __ARM_exceptions_init                     - Undefined Weak Reference
    __alloca_initialize                       - Undefined Weak Reference
    __arm_preinit_                            - Undefined Weak Reference
    __cpp_initialize__aeabi_                  - Undefined Weak Reference
    __cxa_finalize                            - Undefined Weak Reference
    __rt_locale                               - Undefined Weak Reference
    __sigvec_lookup                           - Undefined Weak Reference
    _atexit_init                              - Undefined Weak Reference
    _call_atexit_fns                          - Undefined Weak Reference
    _clock_init                               - Undefined Weak Reference
    _fp_trap_init                             - Undefined Weak Reference
    _fp_trap_shutdown                         - Undefined Weak Reference
    _get_lc_collate                           - Undefined Weak Reference
    _get_lc_ctype                             - Undefined Weak Reference
    _get_lc_monetary                          - Undefined Weak Reference
    _get_lc_numeric                           - Undefined Weak Reference
    _get_lc_time                              - Undefined Weak Reference
    _getenv_init                              - Undefined Weak Reference
    _handle_redirection                       - Undefined Weak Reference
    _init_alloc                               - Undefined Weak Reference
    _init_user_alloc                          - Undefined Weak Reference
    _initio                                   - Undefined Weak Reference
    _rand_init                                - Undefined Weak Reference
    _signal_finish                            - Undefined Weak Reference
    _signal_init                              - Undefined Weak Reference
    _terminate_alloc                          - Undefined Weak Reference
    _terminate_user_alloc                     - Undefined Weak Reference
    _terminateio                              - Undefined Weak Reference
    __Vectors_Size                           0x000000ec   Number         0  startup_stm32f10x_md.o ABSOLUTE
    __Vectors                                0x08000000   Data           4  startup_stm32f10x_md.o(RESET)
    __Vectors_End                            0x080000ec   Data           0  startup_stm32f10x_md.o(RESET)
    __main                                   0x080000ed   Thumb Code     8  __main.o(!!!main)
    __scatterload                            0x080000f5   Thumb Code     0  __scatter.o(!!!scatter)
    __scatterload_rt2                        0x080000f5   Thumb Code    44  __scatter.o(!!!scatter)
    __scatterload_rt2_thumb_only             0x080000f5   Thumb Code     0  __scatter.o(!!!scatter)
    __scatterload_null                       0x08000103   Thumb Code     0  __scatter.o(!!!scatter)
    __decompress                             0x08000129   Thumb Code    90  __dczerorl2.o(!!dczerorl2)
    __decompress1                            0x08000129   Thumb Code     0  __dczerorl2.o(!!dczerorl2)
    __scatterload_zeroinit                   0x08000185   Thumb Code    28  __scatter_zi.o(!!handler_zi)
    __rt_lib_init                            0x080001a1   Thumb Code     0  libinit.o(.ARM.Collect$$libinit$$00000000)
    __rt_lib_init_alloca_1                   0x080001a3   Thumb Code     0  libinit2.o(.ARM.Collect$$libinit$$0000002E)
    __rt_lib_init_argv_1                     0x080001a3   Thumb Code     0  libinit2.o(.ARM.Collect$$libinit$$0000002C)
    __rt_lib_init_atexit_1                   0x080001a3   Thumb Code     0  libinit2.o(.ARM.Collect$$libinit$$0000001B)
    __rt_lib_init_clock_1                    0x080001a3   Thumb Code     0  libinit2.o(.ARM.Collect$$libinit$$00000021)
    __rt_lib_init_cpp_1                      0x080001a3   Thumb Code     0  libinit2.o(.ARM.Collect$$libinit$$00000032)
    __rt_lib_init_exceptions_1               0x080001a3   Thumb Code     0  libinit2.o(.ARM.Collect$$libinit$$00000030)
    __rt_lib_init_fp_1                       0x080001a3   Thumb Code     0  libinit2.o(.ARM.Collect$$libinit$$00000002)
    __rt_lib_init_fp_trap_1                  0x080001a3   Thumb Code     0  libinit2.o(.ARM.Collect$$libinit$$0000001F)
    __rt_lib_init_getenv_1                   0x080001a3   Thumb Code     0  libinit2.o(.ARM.Collect$$libinit$$00000023)
    __rt_lib_init_heap_1                     0x080001a3   Thumb Code     0  libinit2.o(.ARM.Collect$$libinit$$0000000A)
    __rt_lib_init_lc_collate_1               0x080001a3   Thumb Code     0  libinit2.o(.ARM.Collect$$libinit$$00000011)
    __rt_lib_init_lc_ctype_1                 0x080001a3   Thumb Code     0  libinit2.o(.ARM.Collect$$libinit$$00000013)
    __rt_lib_init_lc_monetary_1              0x080001a3   Thumb Code     0  libinit2.o(.ARM.Collect$$libinit$$00000015)
    __rt_lib_init_lc_numeric_1               0x080001a3   Thumb Code     0  libinit2.o(.ARM.Collect$$libinit$$00000017)
    __rt_lib_init_lc_time_1                  0x080001a3   Thumb Code     0  libinit2.o(.ARM.Collect$$libinit$$00000019)
    __rt_lib_init_preinit_1                  0x080001a3   Thumb Code     0  libinit2.o(.ARM.Collect$$libinit$$00000004)
    __rt_lib_init_rand_1                     0x080001a3   Thumb Code     0  libinit2.o(.ARM.Collect$$libinit$$0000000E)
    __rt_lib_init_return                     0x080001a3   Thumb Code     0  libinit2.o(.ARM.Collect$$libinit$$00000033)
    __rt_lib_init_signal_1                   0x080001a3   Thumb Code     0  libinit2.o(.ARM.Collect$$libinit$$0000001D)
    __rt_lib_init_stdio_1                    0x080001a3   Thumb Code     0  libinit2.o(.ARM.Collect$$libinit$$00000025)
    __rt_lib_init_user_alloc_1               0x080001a3   Thumb Code     0  libinit2.o(.ARM.Collect$$libinit$$0000000C)
    __rt_lib_shutdown                        0x080001a5   Thumb Code     0  libshutdown.o(.ARM.Collect$$libshutdown$$00000000)
    __rt_lib_shutdown_cpp_1                  0x080001a7   Thumb Code     0  libshutdown2.o(.ARM.Collect$$libshutdown$$00000002)
    __rt_lib_shutdown_fp_trap_1              0x080001a7   Thumb Code     0  libshutdown2.o(.ARM.Collect$$libshutdown$$00000007)
    __rt_lib_shutdown_heap_1                 0x080001a7   Thumb Code     0  libshutdown2.o(.ARM.Collect$$libshutdown$$0000000F)
    __rt_lib_shutdown_return                 0x080001a7   Thumb Code     0  libshutdown2.o(.ARM.Collect$$libshutdown$$00000010)
    __rt_lib_shutdown_signal_1               0x080001a7   Thumb Code     0  libshutdown2.o(.ARM.Collect$$libshutdown$$0000000A)
    __rt_lib_shutdown_stdio_1                0x080001a7   Thumb Code     0  libshutdown2.o(.ARM.Collect$$libshutdown$$00000004)
    __rt_lib_shutdown_user_alloc_1           0x080001a7   Thumb Code     0  libshutdown2.o(.ARM.Collect$$libshutdown$$0000000C)
    __rt_entry                               0x080001a9   Thumb Code     0  __rtentry.o(.ARM.Collect$$rtentry$$00000000)
    __rt_entry_presh_1                       0x080001a9   Thumb Code     0  __rtentry2.o(.ARM.Collect$$rtentry$$00000002)
    __rt_entry_sh                            0x080001a9   Thumb Code     0  __rtentry4.o(.ARM.Collect$$rtentry$$00000004)
    __rt_entry_li                            0x080001af   Thumb Code     0  __rtentry2.o(.ARM.Collect$$rtentry$$0000000A)
    __rt_entry_postsh_1                      0x080001af   Thumb Code     0  __rtentry2.o(.ARM.Collect$$rtentry$$00000009)
    __rt_entry_main                          0x080001b3   Thumb Code     0  __rtentry2.o(.ARM.Collect$$rtentry$$0000000D)
    __rt_entry_postli_1                      0x080001b3   Thumb Code     0  __rtentry2.o(.ARM.Collect$$rtentry$$0000000C)
    __rt_exit                                0x080001bb   Thumb Code     0  rtexit.o(.ARM.Collect$$rtexit$$00000000)
    __rt_exit_ls                             0x080001bd   Thumb Code     0  rtexit2.o(.ARM.Collect$$rtexit$$00000003)
    __rt_exit_prels_1                        0x080001bd   Thumb Code     0  rtexit2.o(.ARM.Collect$$rtexit$$00000002)
    __rt_exit_exit                           0x080001c1   Thumb Code     0  rtexit2.o(.ARM.Collect$$rtexit$$00000004)
    Delay                                    0x080001c9   Thumb Code    18  main.o(.text)
    main                                     0x0800024d   Thumb Code   186  main.o(.text)
    GPIO_Configuration                       0x08000307   Thumb Code     2  main.o(.text)
    NMI_Handler                              0x080003a5   Thumb Code     2  stm32f10x_it.o(.text)
    HardFault_Handler                        0x080003a7   Thumb Code    20  stm32f10x_it.o(.text)
    MemManage_Handler                        0x080003bb   Thumb Code     4  stm32f10x_it.o(.text)
    BusFault_Handler                         0x080003bf   Thumb Code     4  stm32f10x_it.o(.text)
    UsageFault_Handler                       0x080003c3   Thumb Code     4  stm32f10x_it.o(.text)
    SVC_Handler                              0x080003c7   Thumb Code     2  stm32f10x_it.o(.text)
    DebugMon_Handler                         0x080003c9   Thumb Code     2  stm32f10x_it.o(.text)
    PendSV_Handler                           0x080003cb   Thumb Code     2  stm32f10x_it.o(.text)
    SysTick_Handler                          0x080003cd   Thumb Code     2  stm32f10x_it.o(.text)
    Int2Str                                  0x080003e5   Thumb Code    84  common.o(.text)
    Str2Int                                  0x08000439   Thumb Code   260  common.o(.text)
    SerialPutChar                            0x0800053d   Thumb Code    28  common.o(.text)
    Serial_PutString                         0x08000559   Thumb Code    22  common.o(.text)
    SerialKeyPressed                         0x0800056f   Thumb Code    30  common.o(.text)
    GetKey                                   0x0800058d   Thumb Code    28  common.o(.text)
    GetInputString                           0x080005a9   Thumb Code    90  common.o(.text)
    GetIntegerInput                          0x08000603   Thumb Code    80  common.o(.text)
    FLASH_PagesMask                          0x08000653   Thumb Code    24  common.o(.text)
    FLASH_DisableWriteProtectionPages        0x0800066b   Thumb Code   222  common.o(.text)
    Main_Menu                                0x08000749   Thumb Code    74  common.o(.text)
    CAN_JumpToApplication                    0x08000793   Thumb Code    36  common.o(.text)
    BspTm1639_Delay                          0x080008b1   Thumb Code    46  bsp_tm1639.o(.text)
    BspTm1639_Writebyte                      0x080008df   Thumb Code    90  bsp_tm1639.o(.text)
    BspTM1639_ClearALL                       0x08000939   Thumb Code   100  bsp_tm1639.o(.text)
    BspTm1639_Config                         0x0800099d   Thumb Code    44  bsp_tm1639.o(.text)
    BspTm1639_Show                           0x080009c9   Thumb Code   888  bsp_tm1639.o(.text)
    BspTm1639_ShowSNDat                      0x08000d41   Thumb Code   264  bsp_tm1639.o(.text)
    BspTm1639_ICTest                         0x08000e49   Thumb Code    98  bsp_tm1639.o(.text)
    BspTm1639_ICTest0                        0x08000eab   Thumb Code    92  bsp_tm1639.o(.text)
    CAN_Mode_Init                            0x08000f15   Thumb Code   260  bsp_can.o(.text)
    USB_LP_CAN1_RX0_IRQHandler               0x08001019   Thumb Code    28  bsp_can.o(.text)
    Can_Send_Msg                             0x08001035   Thumb Code   130  bsp_can.o(.text)
    Can_Receive_Msg                          0x080010b7   Thumb Code    56  bsp_can.o(.text)
    Package_Send                             0x080010ef   Thumb Code    72  bsp_can.o(.text)
    CAN_WriteData                            0x08001137   Thumb Code    46  bsp_can.o(.text)
    CAN_BOOT_GetAddrData                     0x08001165   Thumb Code     6  bsp_can.o(.text)
    CAN_BOOT_ProgramDatatoFlash              0x0800116b   Thumb Code    74  bsp_can.o(.text)
    CAN_BOOT_ErasePage                       0x080011b5   Thumb Code    62  bsp_can.o(.text)
    CAN_BOOT_ExecutiveCommand                0x080011f3   Thumb Code   688  bsp_can.o(.text)
    CRC8_Table                               0x080014d5   Thumb Code    28  bsp_crc8.o(.text)
    STMFLASH_ReadHalfWord                    0x080014f5   Thumb Code     6  bsp_stmflash.o(.text)
    STMFLASH_Write                           0x080014fb   Thumb Code    56  bsp_stmflash.o(.text)
    STMFLASH_Read                            0x08001533   Thumb Code    32  bsp_stmflash.o(.text)
    Read_Flash_Dat                           0x08001553   Thumb Code   420  bsp_stmflash.o(.text)
    Write_Flash_Dat                          0x080016f7   Thumb Code   296  bsp_stmflash.o(.text)
    NVIC_PriorityGroupConfig                 0x08001839   Thumb Code    10  misc.o(.text)
    NVIC_Init                                0x08001843   Thumb Code   100  misc.o(.text)
    NVIC_SetVectorTable                      0x080018a7   Thumb Code    14  misc.o(.text)
    NVIC_SystemLPConfig                      0x080018b5   Thumb Code    34  misc.o(.text)
    SysTick_CLKSourceConfig                  0x080018d7   Thumb Code    40  misc.o(.text)
    FLASH_SetLatency                         0x08001915   Thumb Code    18  stm32f10x_flash.o(.text)
    FLASH_HalfCycleAccessCmd                 0x08001927   Thumb Code    22  stm32f10x_flash.o(.text)
    FLASH_PrefetchBufferCmd                  0x0800193d   Thumb Code    22  stm32f10x_flash.o(.text)
    FLASH_Unlock                             0x08001953   Thumb Code    12  stm32f10x_flash.o(.text)
    FLASH_UnlockBank1                        0x0800195f   Thumb Code    12  stm32f10x_flash.o(.text)
    FLASH_Lock                               0x0800196b   Thumb Code    14  stm32f10x_flash.o(.text)
    FLASH_LockBank1                          0x08001979   Thumb Code    14  stm32f10x_flash.o(.text)
    FLASH_GetBank1Status                     0x08001987   Thumb Code    48  stm32f10x_flash.o(.text)
    FLASH_WaitForLastOperation               0x080019b7   Thumb Code    38  stm32f10x_flash.o(.text)
    FLASH_ErasePage                          0x080019dd   Thumb Code    72  stm32f10x_flash.o(.text)
    FLASH_EraseAllPages                      0x08001a25   Thumb Code    68  stm32f10x_flash.o(.text)
    FLASH_WaitForLastBank1Operation          0x08001a69   Thumb Code    38  stm32f10x_flash.o(.text)
    FLASH_EraseAllBank1Pages                 0x08001a8f   Thumb Code    68  stm32f10x_flash.o(.text)
    FLASH_GetReadOutProtectionStatus         0x08001ad3   Thumb Code    20  stm32f10x_flash.o(.text)
    FLASH_EraseOptionBytes                   0x08001ae7   Thumb Code   150  stm32f10x_flash.o(.text)
    FLASH_ProgramWord                        0x08001b7d   Thumb Code   102  stm32f10x_flash.o(.text)
    FLASH_ProgramHalfWord                    0x08001be3   Thumb Code    60  stm32f10x_flash.o(.text)
    FLASH_ProgramOptionByteData              0x08001c1f   Thumb Code    72  stm32f10x_flash.o(.text)
    FLASH_EnableWriteProtection              0x08001c67   Thumb Code   200  stm32f10x_flash.o(.text)
    FLASH_ReadOutProtection                  0x08001d2f   Thumb Code   156  stm32f10x_flash.o(.text)
    FLASH_UserOptionByteConfig               0x08001dcb   Thumb Code    88  stm32f10x_flash.o(.text)
    FLASH_GetUserOptionByte                  0x08001e23   Thumb Code     8  stm32f10x_flash.o(.text)
    FLASH_GetWriteProtectionOptionByte       0x08001e2b   Thumb Code     6  stm32f10x_flash.o(.text)
    FLASH_GetPrefetchBufferStatus            0x08001e31   Thumb Code    20  stm32f10x_flash.o(.text)
    FLASH_ITConfig                           0x08001e45   Thumb Code    26  stm32f10x_flash.o(.text)
    FLASH_GetFlagStatus                      0x08001e5f   Thumb Code    42  stm32f10x_flash.o(.text)
    FLASH_ClearFlag                          0x08001e89   Thumb Code     6  stm32f10x_flash.o(.text)
    FLASH_GetStatus                          0x08001e8f   Thumb Code    48  stm32f10x_flash.o(.text)
    RCC_DeInit                               0x08001ed1   Thumb Code    64  stm32f10x_rcc.o(.text)
    RCC_HSEConfig                            0x08001f11   Thumb Code    70  stm32f10x_rcc.o(.text)
    RCC_GetFlagStatus                        0x08001f57   Thumb Code    56  stm32f10x_rcc.o(.text)
    RCC_WaitForHSEStartUp                    0x08001f8f   Thumb Code    56  stm32f10x_rcc.o(.text)
    RCC_AdjustHSICalibrationValue            0x08001fc7   Thumb Code    20  stm32f10x_rcc.o(.text)
    RCC_HSICmd                               0x08001fdb   Thumb Code     6  stm32f10x_rcc.o(.text)
    RCC_PLLConfig                            0x08001fe1   Thumb Code    24  stm32f10x_rcc.o(.text)
    RCC_PLLCmd                               0x08001ff9   Thumb Code     6  stm32f10x_rcc.o(.text)
    RCC_SYSCLKConfig                         0x08001fff   Thumb Code    18  stm32f10x_rcc.o(.text)
    RCC_GetSYSCLKSource                      0x08002011   Thumb Code    10  stm32f10x_rcc.o(.text)
    RCC_HCLKConfig                           0x0800201b   Thumb Code    18  stm32f10x_rcc.o(.text)
    RCC_PCLK1Config                          0x0800202d   Thumb Code    18  stm32f10x_rcc.o(.text)
    RCC_PCLK2Config                          0x0800203f   Thumb Code    20  stm32f10x_rcc.o(.text)
    RCC_ITConfig                             0x08002053   Thumb Code    26  stm32f10x_rcc.o(.text)
    RCC_USBCLKConfig                         0x0800206d   Thumb Code     8  stm32f10x_rcc.o(.text)
    RCC_ADCCLKConfig                         0x08002075   Thumb Code    18  stm32f10x_rcc.o(.text)
    RCC_LSEConfig                            0x08002087   Thumb Code    50  stm32f10x_rcc.o(.text)
    RCC_LSICmd                               0x080020b9   Thumb Code     6  stm32f10x_rcc.o(.text)
    RCC_RTCCLKConfig                         0x080020bf   Thumb Code    12  stm32f10x_rcc.o(.text)
    RCC_RTCCLKCmd                            0x080020cb   Thumb Code     8  stm32f10x_rcc.o(.text)
    RCC_GetClocksFreq                        0x080020d3   Thumb Code   192  stm32f10x_rcc.o(.text)
    RCC_AHBPeriphClockCmd                    0x08002193   Thumb Code    26  stm32f10x_rcc.o(.text)
    RCC_APB2PeriphClockCmd                   0x080021ad   Thumb Code    26  stm32f10x_rcc.o(.text)
    RCC_APB1PeriphClockCmd                   0x080021c7   Thumb Code    26  stm32f10x_rcc.o(.text)
    RCC_APB2PeriphResetCmd                   0x080021e1   Thumb Code    26  stm32f10x_rcc.o(.text)
    RCC_APB1PeriphResetCmd                   0x080021fb   Thumb Code    26  stm32f10x_rcc.o(.text)
    RCC_BackupResetCmd                       0x08002215   Thumb Code     8  stm32f10x_rcc.o(.text)
    RCC_ClockSecuritySystemCmd               0x0800221d   Thumb Code     6  stm32f10x_rcc.o(.text)
    RCC_MCOConfig                            0x08002223   Thumb Code     6  stm32f10x_rcc.o(.text)
    RCC_ClearFlag                            0x08002229   Thumb Code    14  stm32f10x_rcc.o(.text)
    RCC_GetITStatus                          0x08002237   Thumb Code    20  stm32f10x_rcc.o(.text)
    RCC_ClearITPendingBit                    0x0800224b   Thumb Code     6  stm32f10x_rcc.o(.text)
    GPIO_DeInit                              0x08002275   Thumb Code   172  stm32f10x_gpio.o(.text)
    GPIO_AFIODeInit                          0x08002321   Thumb Code    20  stm32f10x_gpio.o(.text)
    GPIO_Init                                0x08002335   Thumb Code   278  stm32f10x_gpio.o(.text)
    GPIO_StructInit                          0x0800244b   Thumb Code    16  stm32f10x_gpio.o(.text)
    GPIO_ReadInputDataBit                    0x0800245b   Thumb Code    18  stm32f10x_gpio.o(.text)
    GPIO_ReadInputData                       0x0800246d   Thumb Code     8  stm32f10x_gpio.o(.text)
    GPIO_ReadOutputDataBit                   0x08002475   Thumb Code    18  stm32f10x_gpio.o(.text)
    GPIO_ReadOutputData                      0x08002487   Thumb Code     8  stm32f10x_gpio.o(.text)
    GPIO_SetBits                             0x0800248f   Thumb Code     4  stm32f10x_gpio.o(.text)
    GPIO_ResetBits                           0x08002493   Thumb Code     4  stm32f10x_gpio.o(.text)
    GPIO_WriteBit                            0x08002497   Thumb Code    10  stm32f10x_gpio.o(.text)
    GPIO_Write                               0x080024a1   Thumb Code     4  stm32f10x_gpio.o(.text)
    GPIO_PinLockConfig                       0x080024a5   Thumb Code    18  stm32f10x_gpio.o(.text)
    GPIO_EventOutputConfig                   0x080024b7   Thumb Code    26  stm32f10x_gpio.o(.text)
    GPIO_EventOutputCmd                      0x080024d1   Thumb Code     6  stm32f10x_gpio.o(.text)
    GPIO_PinRemapConfig                      0x080024d7   Thumb Code   138  stm32f10x_gpio.o(.text)
    GPIO_EXTILineConfig                      0x08002561   Thumb Code    66  stm32f10x_gpio.o(.text)
    GPIO_ETH_MediaInterfaceConfig            0x080025a3   Thumb Code     8  stm32f10x_gpio.o(.text)
    USART_DeInit                             0x080025d1   Thumb Code   134  stm32f10x_usart.o(.text)
    USART_Init                               0x08002657   Thumb Code   210  stm32f10x_usart.o(.text)
    USART_StructInit                         0x08002729   Thumb Code    24  stm32f10x_usart.o(.text)
    USART_ClockInit                          0x08002741   Thumb Code    34  stm32f10x_usart.o(.text)
    USART_ClockStructInit                    0x08002763   Thumb Code    12  stm32f10x_usart.o(.text)
    USART_Cmd                                0x0800276f   Thumb Code    24  stm32f10x_usart.o(.text)
    USART_ITConfig                           0x08002787   Thumb Code    74  stm32f10x_usart.o(.text)
    USART_DMACmd                             0x080027d1   Thumb Code    18  stm32f10x_usart.o(.text)
    USART_SetAddress                         0x080027e3   Thumb Code    18  stm32f10x_usart.o(.text)
    USART_WakeUpConfig                       0x080027f5   Thumb Code    18  stm32f10x_usart.o(.text)
    USART_ReceiverWakeUpCmd                  0x08002807   Thumb Code    24  stm32f10x_usart.o(.text)
    USART_LINBreakDetectLengthConfig         0x0800281f   Thumb Code    18  stm32f10x_usart.o(.text)
    USART_LINCmd                             0x08002831   Thumb Code    24  stm32f10x_usart.o(.text)
    USART_SendData                           0x08002849   Thumb Code     8  stm32f10x_usart.o(.text)
    USART_ReceiveData                        0x08002851   Thumb Code    10  stm32f10x_usart.o(.text)
    USART_SendBreak                          0x0800285b   Thumb Code    10  stm32f10x_usart.o(.text)
    USART_SetGuardTime                       0x08002865   Thumb Code    16  stm32f10x_usart.o(.text)
    USART_SetPrescaler                       0x08002875   Thumb Code    16  stm32f10x_usart.o(.text)
    USART_SmartCardCmd                       0x08002885   Thumb Code    24  stm32f10x_usart.o(.text)
    USART_SmartCardNACKCmd                   0x0800289d   Thumb Code    24  stm32f10x_usart.o(.text)
    USART_HalfDuplexCmd                      0x080028b5   Thumb Code    24  stm32f10x_usart.o(.text)
    USART_OverSampling8Cmd                   0x080028cd   Thumb Code    22  stm32f10x_usart.o(.text)
    USART_OneBitMethodCmd                    0x080028e3   Thumb Code    24  stm32f10x_usart.o(.text)
    USART_IrDAConfig                         0x080028fb   Thumb Code    18  stm32f10x_usart.o(.text)
    USART_IrDACmd                            0x0800290d   Thumb Code    24  stm32f10x_usart.o(.text)
    USART_GetFlagStatus                      0x08002925   Thumb Code    26  stm32f10x_usart.o(.text)
    USART_ClearFlag                          0x0800293f   Thumb Code    18  stm32f10x_usart.o(.text)
    USART_GetITStatus                        0x08002951   Thumb Code    84  stm32f10x_usart.o(.text)
    USART_ClearITPendingBit                  0x080029a5   Thumb Code    52  stm32f10x_usart.o(.text)
    CAN_DeInit                               0x080029d9   Thumb Code    50  stm32f10x_can.o(.text)
    CAN_Init                                 0x08002a0b   Thumb Code   276  stm32f10x_can.o(.text)
    CAN_FilterInit                           0x08002b1f   Thumb Code   258  stm32f10x_can.o(.text)
    CAN_StructInit                           0x08002c21   Thumb Code    32  stm32f10x_can.o(.text)
    CAN_SlaveStartBank                       0x08002c41   Thumb Code    48  stm32f10x_can.o(.text)
    CAN_DBGFreeze                            0x08002c71   Thumb Code    22  stm32f10x_can.o(.text)
    CAN_TTComModeCmd                         0x08002c87   Thumb Code   118  stm32f10x_can.o(.text)
    CAN_Transmit                             0x08002cfd   Thumb Code   304  stm32f10x_can.o(.text)
    CAN_TransmitStatus                       0x08002e2d   Thumb Code   138  stm32f10x_can.o(.text)
    CAN_CancelTransmit                       0x08002eb7   Thumb Code    48  stm32f10x_can.o(.text)
    CAN_Receive                              0x08002ee7   Thumb Code   240  stm32f10x_can.o(.text)
    CAN_FIFORelease                          0x08002fd7   Thumb Code    22  stm32f10x_can.o(.text)
    CAN_MessagePending                       0x08002fed   Thumb Code    30  stm32f10x_can.o(.text)
    CAN_OperatingModeRequest                 0x0800300b   Thumb Code   162  stm32f10x_can.o(.text)
    CAN_Sleep                                0x080030ad   Thumb Code    30  stm32f10x_can.o(.text)
    CAN_WakeUp                               0x080030cb   Thumb Code    48  stm32f10x_can.o(.text)
    CAN_GetLastErrorCode                     0x080030fb   Thumb Code    12  stm32f10x_can.o(.text)
    CAN_GetReceiveErrorCounter               0x08003107   Thumb Code    10  stm32f10x_can.o(.text)
    CAN_GetLSBTransmitErrorCounter           0x08003111   Thumb Code    12  stm32f10x_can.o(.text)
    CAN_ITConfig                             0x0800311d   Thumb Code    18  stm32f10x_can.o(.text)
    CAN_GetFlagStatus                        0x0800312f   Thumb Code   120  stm32f10x_can.o(.text)
    CAN_ClearFlag                            0x080031a7   Thumb Code    52  stm32f10x_can.o(.text)
    CAN_GetITStatus                          0x080031ed   Thumb Code   310  stm32f10x_can.o(.text)
    CAN_ClearITPendingBit                    0x08003323   Thumb Code   162  stm32f10x_can.o(.text)
    Reset_Handler                            0x080033c9   Thumb Code     8  startup_stm32f10x_md.o(.text)
    ADC1_2_IRQHandler                        0x080033e3   Thumb Code     0  startup_stm32f10x_md.o(.text)
    CAN1_RX1_IRQHandler                      0x080033e3   Thumb Code     0  startup_stm32f10x_md.o(.text)
    CAN1_SCE_IRQHandler                      0x080033e3   Thumb Code     0  startup_stm32f10x_md.o(.text)
    DMA1_Channel1_IRQHandler                 0x080033e3   Thumb Code     0  startup_stm32f10x_md.o(.text)
    DMA1_Channel2_IRQHandler                 0x080033e3   Thumb Code     0  startup_stm32f10x_md.o(.text)
    DMA1_Channel3_IRQHandler                 0x080033e3   Thumb Code     0  startup_stm32f10x_md.o(.text)
    DMA1_Channel4_IRQHandler                 0x080033e3   Thumb Code     0  startup_stm32f10x_md.o(.text)
    DMA1_Channel5_IRQHandler                 0x080033e3   Thumb Code     0  startup_stm32f10x_md.o(.text)
    DMA1_Channel6_IRQHandler                 0x080033e3   Thumb Code     0  startup_stm32f10x_md.o(.text)
    DMA1_Channel7_IRQHandler                 0x080033e3   Thumb Code     0  startup_stm32f10x_md.o(.text)
    EXTI0_IRQHandler                         0x080033e3   Thumb Code     0  startup_stm32f10x_md.o(.text)
    EXTI15_10_IRQHandler                     0x080033e3   Thumb Code     0  startup_stm32f10x_md.o(.text)
    EXTI1_IRQHandler                         0x080033e3   Thumb Code     0  startup_stm32f10x_md.o(.text)
    EXTI2_IRQHandler                         0x080033e3   Thumb Code     0  startup_stm32f10x_md.o(.text)
    EXTI3_IRQHandler                         0x080033e3   Thumb Code     0  startup_stm32f10x_md.o(.text)
    EXTI4_IRQHandler                         0x080033e3   Thumb Code     0  startup_stm32f10x_md.o(.text)
    EXTI9_5_IRQHandler                       0x080033e3   Thumb Code     0  startup_stm32f10x_md.o(.text)
    FLASH_IRQHandler                         0x080033e3   Thumb Code     0  startup_stm32f10x_md.o(.text)
    I2C1_ER_IRQHandler                       0x080033e3   Thumb Code     0  startup_stm32f10x_md.o(.text)
    I2C1_EV_IRQHandler                       0x080033e3   Thumb Code     0  startup_stm32f10x_md.o(.text)
    I2C2_ER_IRQHandler                       0x080033e3   Thumb Code     0  startup_stm32f10x_md.o(.text)
    I2C2_EV_IRQHandler                       0x080033e3   Thumb Code     0  startup_stm32f10x_md.o(.text)
    PVD_IRQHandler                           0x080033e3   Thumb Code     0  startup_stm32f10x_md.o(.text)
    RCC_IRQHandler                           0x080033e3   Thumb Code     0  startup_stm32f10x_md.o(.text)
    RTCAlarm_IRQHandler                      0x080033e3   Thumb Code     0  startup_stm32f10x_md.o(.text)
    RTC_IRQHandler                           0x080033e3   Thumb Code     0  startup_stm32f10x_md.o(.text)
    SPI1_IRQHandler                          0x080033e3   Thumb Code     0  startup_stm32f10x_md.o(.text)
    SPI2_IRQHandler                          0x080033e3   Thumb Code     0  startup_stm32f10x_md.o(.text)
    TAMPER_IRQHandler                        0x080033e3   Thumb Code     0  startup_stm32f10x_md.o(.text)
    TIM1_BRK_IRQHandler                      0x080033e3   Thumb Code     0  startup_stm32f10x_md.o(.text)
    TIM1_CC_IRQHandler                       0x080033e3   Thumb Code     0  startup_stm32f10x_md.o(.text)
    TIM1_TRG_COM_IRQHandler                  0x080033e3   Thumb Code     0  startup_stm32f10x_md.o(.text)
    TIM1_UP_IRQHandler                       0x080033e3   Thumb Code     0  startup_stm32f10x_md.o(.text)
    TIM2_IRQHandler                          0x080033e3   Thumb Code     0  startup_stm32f10x_md.o(.text)
    TIM3_IRQHandler                          0x080033e3   Thumb Code     0  startup_stm32f10x_md.o(.text)
    TIM4_IRQHandler                          0x080033e3   Thumb Code     0  startup_stm32f10x_md.o(.text)
    USART1_IRQHandler                        0x080033e3   Thumb Code     0  startup_stm32f10x_md.o(.text)
    USART2_IRQHandler                        0x080033e3   Thumb Code     0  startup_stm32f10x_md.o(.text)
    USART3_IRQHandler                        0x080033e3   Thumb Code     0  startup_stm32f10x_md.o(.text)
    USBWakeUp_IRQHandler                     0x080033e3   Thumb Code     0  startup_stm32f10x_md.o(.text)
    USB_HP_CAN1_TX_IRQHandler                0x080033e3   Thumb Code     0  startup_stm32f10x_md.o(.text)
    WWDG_IRQHandler                          0x080033e3   Thumb Code     0  startup_stm32f10x_md.o(.text)
    __user_initial_stackheap                 0x080033e5   Thumb Code     0  startup_stm32f10x_md.o(.text)
    SystemInit                               0x080034e7   Thumb Code    78  system_stm32f10x.o(.text)
    SystemCoreClockUpdate                    0x08003535   Thumb Code   142  system_stm32f10x.o(.text)
    __use_two_region_memory                  0x080035e9   Thumb Code     2  heapauxi.o(.text)
    __rt_heap_escrow$2region                 0x080035eb   Thumb Code     2  heapauxi.o(.text)
    __rt_heap_expand$2region                 0x080035ed   Thumb Code     2  heapauxi.o(.text)
    __user_setup_stackheap                   0x080035ef   Thumb Code    74  sys_stackheap_outer.o(.text)
    exit                                     0x08003639   Thumb Code    18  exit.o(.text)
    __user_libspace                          0x0800364d   Thumb Code     8  libspace.o(.text)
    __user_perproc_libspace                  0x0800364d   Thumb Code     0  libspace.o(.text)
    __user_perthread_libspace                0x0800364d   Thumb Code     0  libspace.o(.text)
    _sys_exit                                0x08003655   Thumb Code     8  sys_exit.o(.text)
    __I$use$semihosting                      0x08003661   Thumb Code     0  use_no_semi.o(.text)
    __use_no_semihosting_swi                 0x08003661   Thumb Code     2  use_no_semi.o(.text)
    __semihosting_library_function           0x08003663   Thumb Code     0  indicate_semi.o(.text)
    Region$$Table$$Base                      0x08003948   Number         0  anon$$obj.o(Region$$Table)
    Region$$Table$$Limit                     0x08003968   Number         0  anon$$obj.o(Region$$Table)
    FlashDestination                         0x20000000   Data           4  ymodem.o(.data)
    PageSize                                 0x20000004   Data           2  ymodem.o(.data)
    EraseCounter                             0x20000008   Data           4  ymodem.o(.data)
    NbrOfPage                                0x2000000c   Data           4  ymodem.o(.data)
    FLASHStatus                              0x20000010   Data           1  ymodem.o(.data)
    RamSource                                0x20000014   Data           4  ymodem.o(.data)
    Jump_To_Application                      0x20000018   Data           4  common.o(.data)
    JumpAddress                              0x2000001c   Data           4  common.o(.data)
    BlockNbr                                 0x20000020   Data           4  common.o(.data)
    UserMemoryMask                           0x20000024   Data           4  common.o(.data)
    FlashProtection                          0x20000028   Data           4  common.o(.data)
    OldShowMode                              0x2000002c   Data           1  bsp_tm1639.o(.data)
    OldShowDate                              0x20000030   Data           4  bsp_tm1639.o(.data)
    table                                    0x20000034   Data          16  bsp_tm1639.o(.data)
    CAN1_CanRxMsgFlag                        0x20000044   Data           1  bsp_can.o(.data)
    Physical_ADD                             0x20000154   Data           4  bsp_stmflash.o(.data)
    FM1702_Key                               0x20000158   Data           7  bsp_stmflash.o(.data)
    WaterCost                                0x2000015f   Data           1  bsp_stmflash.o(.data)
    CostNum                                  0x20000160   Data           1  bsp_stmflash.o(.data)
    g_IAP_Flag                               0x20000161   Data           1  bsp_stmflash.o(.data)
    SystemCoreClock                          0x20000178   Data           4  system_stm32f10x.o(.data)
    AHBPrescTable                            0x2000017c   Data          16  system_stm32f10x.o(.data)
    CAN1_RxMessage                           0x2000018c   Data          20  bsp_can.o(.bss)
    __libspace_start                         0x200005a4   Data          96  libspace.o(.bss)
    __temporary_stack_top$libspace           0x20000604   Data           0  libspace.o(.bss)



==============================================================================

Memory Map of the image

  Image Entry point : 0x080000ed

  Load Region LR_IROM1 (Base: 0x08000000, Size: 0x00003af4, Max: 0x00005000, ABSOLUTE, COMPRESSED[0x00003aac])

    Execution Region ER_IROM1 (Base: 0x08000000, Size: 0x00003968, Max: 0x00005000, ABSOLUTE)

    Base Addr    Size         Type   Attr      Idx    E Section Name        Object

    0x08000000   0x000000ec   Data   RO          514    RESET               startup_stm32f10x_md.o
    0x080000ec   0x00000008   Code   RO          565  * !!!main             c_w.l(__main.o)
    0x080000f4   0x00000034   Code   RO          726    !!!scatter          c_w.l(__scatter.o)
    0x08000128   0x0000005a   Code   RO          724    !!dczerorl2         c_w.l(__dczerorl2.o)
    0x08000182   0x00000002   PAD
    0x08000184   0x0000001c   Code   RO          728    !!handler_zi        c_w.l(__scatter_zi.o)
    0x080001a0   0x00000002   Code   RO          594    .ARM.Collect$$libinit$$00000000  c_w.l(libinit.o)
    0x080001a2   0x00000000   Code   RO          601    .ARM.Collect$$libinit$$00000002  c_w.l(libinit2.o)
    0x080001a2   0x00000000   Code   RO          603    .ARM.Collect$$libinit$$00000004  c_w.l(libinit2.o)
    0x080001a2   0x00000000   Code   RO          606    .ARM.Collect$$libinit$$0000000A  c_w.l(libinit2.o)
    0x080001a2   0x00000000   Code   RO          608    .ARM.Collect$$libinit$$0000000C  c_w.l(libinit2.o)
    0x080001a2   0x00000000   Code   RO          610    .ARM.Collect$$libinit$$0000000E  c_w.l(libinit2.o)
    0x080001a2   0x00000000   Code   RO          613    .ARM.Collect$$libinit$$00000011  c_w.l(libinit2.o)
    0x080001a2   0x00000000   Code   RO          615    .ARM.Collect$$libinit$$00000013  c_w.l(libinit2.o)
    0x080001a2   0x00000000   Code   RO          617    .ARM.Collect$$libinit$$00000015  c_w.l(libinit2.o)
    0x080001a2   0x00000000   Code   RO          619    .ARM.Collect$$libinit$$00000017  c_w.l(libinit2.o)
    0x080001a2   0x00000000   Code   RO          621    .ARM.Collect$$libinit$$00000019  c_w.l(libinit2.o)
    0x080001a2   0x00000000   Code   RO          623    .ARM.Collect$$libinit$$0000001B  c_w.l(libinit2.o)
    0x080001a2   0x00000000   Code   RO          625    .ARM.Collect$$libinit$$0000001D  c_w.l(libinit2.o)
    0x080001a2   0x00000000   Code   RO          627    .ARM.Collect$$libinit$$0000001F  c_w.l(libinit2.o)
    0x080001a2   0x00000000   Code   RO          629    .ARM.Collect$$libinit$$00000021  c_w.l(libinit2.o)
    0x080001a2   0x00000000   Code   RO          631    .ARM.Collect$$libinit$$00000023  c_w.l(libinit2.o)
    0x080001a2   0x00000000   Code   RO          633    .ARM.Collect$$libinit$$00000025  c_w.l(libinit2.o)
    0x080001a2   0x00000000   Code   RO          637    .ARM.Collect$$libinit$$0000002C  c_w.l(libinit2.o)
    0x080001a2   0x00000000   Code   RO          639    .ARM.Collect$$libinit$$0000002E  c_w.l(libinit2.o)
    0x080001a2   0x00000000   Code   RO          641    .ARM.Collect$$libinit$$00000030  c_w.l(libinit2.o)
    0x080001a2   0x00000000   Code   RO          643    .ARM.Collect$$libinit$$00000032  c_w.l(libinit2.o)
    0x080001a2   0x00000002   Code   RO          644    .ARM.Collect$$libinit$$00000033  c_w.l(libinit2.o)
    0x080001a4   0x00000002   Code   RO          664    .ARM.Collect$$libshutdown$$00000000  c_w.l(libshutdown.o)
    0x080001a6   0x00000000   Code   RO          677    .ARM.Collect$$libshutdown$$00000002  c_w.l(libshutdown2.o)
    0x080001a6   0x00000000   Code   RO          679    .ARM.Collect$$libshutdown$$00000004  c_w.l(libshutdown2.o)
    0x080001a6   0x00000000   Code   RO          682    .ARM.Collect$$libshutdown$$00000007  c_w.l(libshutdown2.o)
    0x080001a6   0x00000000   Code   RO          685    .ARM.Collect$$libshutdown$$0000000A  c_w.l(libshutdown2.o)
    0x080001a6   0x00000000   Code   RO          687    .ARM.Collect$$libshutdown$$0000000C  c_w.l(libshutdown2.o)
    0x080001a6   0x00000000   Code   RO          690    .ARM.Collect$$libshutdown$$0000000F  c_w.l(libshutdown2.o)
    0x080001a6   0x00000002   Code   RO          691    .ARM.Collect$$libshutdown$$00000010  c_w.l(libshutdown2.o)
    0x080001a8   0x00000000   Code   RO          567    .ARM.Collect$$rtentry$$00000000  c_w.l(__rtentry.o)
    0x080001a8   0x00000000   Code   RO          571    .ARM.Collect$$rtentry$$00000002  c_w.l(__rtentry2.o)
    0x080001a8   0x00000006   Code   RO          583    .ARM.Collect$$rtentry$$00000004  c_w.l(__rtentry4.o)
    0x080001ae   0x00000000   Code   RO          573    .ARM.Collect$$rtentry$$00000009  c_w.l(__rtentry2.o)
    0x080001ae   0x00000004   Code   RO          574    .ARM.Collect$$rtentry$$0000000A  c_w.l(__rtentry2.o)
    0x080001b2   0x00000000   Code   RO          576    .ARM.Collect$$rtentry$$0000000C  c_w.l(__rtentry2.o)
    0x080001b2   0x00000008   Code   RO          577    .ARM.Collect$$rtentry$$0000000D  c_w.l(__rtentry2.o)
    0x080001ba   0x00000002   Code   RO          598    .ARM.Collect$$rtexit$$00000000  c_w.l(rtexit.o)
    0x080001bc   0x00000000   Code   RO          646    .ARM.Collect$$rtexit$$00000002  c_w.l(rtexit2.o)
    0x080001bc   0x00000004   Code   RO          647    .ARM.Collect$$rtexit$$00000003  c_w.l(rtexit2.o)
    0x080001c0   0x00000006   Code   RO          648    .ARM.Collect$$rtexit$$00000004  c_w.l(rtexit2.o)
    0x080001c6   0x00000002   PAD
    0x080001c8   0x000001dc   Code   RO            4    .text               main.o
    0x080003a4   0x00000040   Code   RO          114    .text               stm32f10x_it.o
    0x080003e4   0x000004cc   Code   RO          197    .text               common.o
    0x080008b0   0x00000664   Code   RO          259    .text               bsp_tm1639.o
    0x08000f14   0x000005c0   Code   RO          286    .text               bsp_can.o
    0x080014d4   0x00000020   Code   RO          322    .text               bsp_crc8.o
    0x080014f4   0x00000344   Code   RO          339    .text               bsp_stmflash.o
    0x08001838   0x000000dc   Code   RO          369    .text               misc.o
    0x08001914   0x000005bc   Code   RO          393    .text               stm32f10x_flash.o
    0x08001ed0   0x000003a4   Code   RO          417    .text               stm32f10x_rcc.o
    0x08002274   0x0000035c   Code   RO          443    .text               stm32f10x_gpio.o
    0x080025d0   0x00000408   Code   RO          467    .text               stm32f10x_usart.o
    0x080029d8   0x000009f0   Code   RO          491    .text               stm32f10x_can.o
    0x080033c8   0x00000040   Code   RO          515    .text               startup_stm32f10x_md.o
    0x08003408   0x000001e0   Code   RO          522    .text               system_stm32f10x.o
    0x080035e8   0x00000006   Code   RO          563    .text               c_w.l(heapauxi.o)
    0x080035ee   0x0000004a   Code   RO          585    .text               c_w.l(sys_stackheap_outer.o)
    0x08003638   0x00000012   Code   RO          587    .text               c_w.l(exit.o)
    0x0800364a   0x00000002   PAD
    0x0800364c   0x00000008   Code   RO          595    .text               c_w.l(libspace.o)
    0x08003654   0x0000000c   Code   RO          656    .text               c_w.l(sys_exit.o)
    0x08003660   0x00000002   Code   RO          667    .text               c_w.l(use_no_semi.o)
    0x08003662   0x00000000   Code   RO          669    .text               c_w.l(indicate_semi.o)
    0x08003662   0x00000200   Data   RO          288    .constdata          bsp_can.o
    0x08003862   0x00000002   PAD
    0x08003864   0x00000095   Data   RO            5    .conststring        main.o
    0x080038f9   0x00000003   PAD
    0x080038fc   0x0000004a   Data   RO          198    .conststring        common.o
    0x08003946   0x00000002   PAD
    0x08003948   0x00000020   Data   RO          722    Region$$Table       anon$$obj.o


    Execution Region RW_IRAM1 (Base: 0x20000000, Size: 0x00000c08, Max: 0x00002000, ABSOLUTE, COMPRESSED[0x00000144])

    Base Addr    Size         Type   Attr      Idx    E Section Name        Object

    0x20000000   0x00000018   Data   RW          170    .data               ymodem.o
    0x20000018   0x00000014   Data   RW          199    .data               common.o
    0x2000002c   0x00000018   Data   RW          260    .data               bsp_tm1639.o
    0x20000044   0x00000010   Data   RW          289    .data               bsp_can.o
    0x20000054   0x00000100   Data   RW          323    .data               bsp_crc8.o
    0x20000154   0x0000000e   Data   RW          340    .data               bsp_stmflash.o
    0x20000162   0x00000014   Data   RW          418    .data               stm32f10x_rcc.o
    0x20000176   0x00000002   PAD
    0x20000178   0x00000014   Data   RW          523    .data               system_stm32f10x.o
    0x2000018c   0x00000418   Zero   RW          287    .bss                bsp_can.o
    0x200005a4   0x00000060   Zero   RW          596    .bss                c_w.l(libspace.o)
    0x20000604   0x00000004   PAD
    0x20000608   0x00000200   Zero   RW          513    HEAP                startup_stm32f10x_md.o
    0x20000808   0x00000400   Zero   RW          512    STACK               startup_stm32f10x_md.o


==============================================================================

Image component sizes


      Code (inc. data)   RO Data    RW Data    ZI Data      Debug   Object Name

      1472        168        512         16       1048       9257   bsp_can.o
        32          4          0        256          0       1085   bsp_crc8.o
       836         26          0         14          0       2651   bsp_stmflash.o
      1636         40          0         24          0       3704   bsp_tm1639.o
      1228        250         74         20          0      26962   common.o
       476        156        149          0          0     251895   main.o
       220         22          0          0          0       1889   misc.o
        64         26        236          0       1536        900   startup_stm32f10x_md.o
      2544         38          0          0          0       8120   stm32f10x_can.o
      1468         34          0          0          0       8294   stm32f10x_flash.o
       860         38          0          0          0       5821   stm32f10x_gpio.o
        64         22          0          0          0       1266   stm32f10x_it.o
       932         36          0         20          0       9012   stm32f10x_rcc.o
      1032         22          0          0          0       8548   stm32f10x_usart.o
       480         38          0         20          0       1799   system_stm32f10x.o
         0          0          0         24          0        882   ymodem.o

    ----------------------------------------------------------------------
     13344        920       1010        396       2584     342085   Object Totals
         0          0         32          0          0          0   (incl. Generated)
         0          0          7          2          0          0   (incl. Padding)

    ----------------------------------------------------------------------

      Code (inc. data)   RO Data    RW Data    ZI Data      Debug   Library Member Name

        90          0          0          0          0          0   __dczerorl2.o
         8          0          0          0          0         68   __main.o
         0          0          0          0          0          0   __rtentry.o
        12          0          0          0          0          0   __rtentry2.o
         6          0          0          0          0          0   __rtentry4.o
        52          8          0          0          0          0   __scatter.o
        28          0          0          0          0          0   __scatter_zi.o
        18          0          0          0          0         80   exit.o
         6          0          0          0          0        152   heapauxi.o
         0          0          0          0          0          0   indicate_semi.o
         2          0          0          0          0          0   libinit.o
         2          0          0          0          0          0   libinit2.o
         2          0          0          0          0          0   libshutdown.o
         2          0          0          0          0          0   libshutdown2.o
         8          4          0          0         96         68   libspace.o
         2          0          0          0          0          0   rtexit.o
        10          0          0          0          0          0   rtexit2.o
        12          4          0          0          0         68   sys_exit.o
        74          0          0          0          0         80   sys_stackheap_outer.o
         2          0          0          0          0         68   use_no_semi.o

    ----------------------------------------------------------------------
       342         16          0          0        100        584   Library Totals
         6          0          0          0          4          0   (incl. Padding)

    ----------------------------------------------------------------------

      Code (inc. data)   RO Data    RW Data    ZI Data      Debug   Library Name

       336         16          0          0         96        584   c_w.l

    ----------------------------------------------------------------------
       342         16          0          0        100        584   Library Totals

    ----------------------------------------------------------------------

==============================================================================


      Code (inc. data)   RO Data    RW Data    ZI Data      Debug   

     13686        936       1010        396       2684     341157   Grand Totals
     13686        936       1010        324       2684     341157   ELF Image Totals (compressed)
     13686        936       1010        324          0          0   ROM Totals

==============================================================================

    Total RO  Size (Code + RO Data)                14696 (  14.35kB)
    Total RW  Size (RW Data + ZI Data)              3080 (   3.01kB)
    Total ROM Size (Code + RO Data + RW Data)      15020 (  14.67kB)

==============================================================================

